// Jest Snapshot v1, https://goo.gl/fbAQLP

exports[`AverageRatingPerQuestion renders correctly 1`] = `
<div
  className="question-average-rating"
>
  <div
    className="question-average-rating__container"
  >
    <h4>
      The average rating for each question 
      <small>
        (from 1 to 5)
      </small>
    </h4>
  </div>
</div>
`;

exports[`AverageRatingPerQuestion renders null when empty themes is passed as prop 1`] = `null`;
