// Jest Snapshot v1, https://goo.gl/fbAQLP

exports[`Main renders correctly 1`] = `
<main
  className="main"
  role="main"
>
  <div
    className="main__container"
  >
    <div
      className="main__content"
    >
      <div>
        some
      </div>
      <div>
        children
      </div>
    </div>
  </div>
</main>
`;
